// Jest Snapshot v1, https://goo.gl/fbAQLP

exports[`New Recipe Badge renders correctly 1`] = `
<View
  accessible={true}
  focusable={true}
  isTVSelectable={true}
  onClick={[Function]}
  onResponderGrant={[Function]}
  onResponderMove={[Function]}
  onResponderRelease={[Function]}
  onResponderTerminate={[Function]}
  onResponderTerminationRequest={[Function]}
  onStartShouldSetResponder={[Function]}
  style={
    Object {
      "backgroundColor": "rgba(0, 0, 0, 0.4 )",
      "borderColor": "rgb(255, 255, 255)",
      "borderRadius": 2,
      "borderWidth": 1,
      "justifyContent": "space-between",
      "margin": 10,
      "opacity": 1,
      "padding": 15,
      "paddingBottom": 25,
      "paddingTop": 25,
      "shadowColor": "rgb(0, 0, 0)",
      "shadowOffset": Object {
        "height": 2,
        "width": 0,
      },
      "shadowOpacity": 0.4,
      "shadowRadius": 3,
    }
  }
>
  <View
    style={
      Object {
        "flexDirection": "row",
        "justifyContent": "space-between",
      }
    }
  >
    <View
      style={
        Object {
          "flex": 1,
          "justifyContent": "center",
        }
      }
    >
      <View
        style={
          Object {
            "flexDirection": "row",
          }
        }
      >
        <Text
          style={
            Object {
              "color": "rgb(255, 255, 255)",
              "fontFamily": "GothamBold",
              "fontSize": 14,
              "marginBottom": 2,
            }
          }
        >
          Test
          <Text
            style={
              Object {
                "fontFamily": "GothamBook",
              }
            }
          >
            Test / Test
          </Text>
        </Text>
        <View
          style={
            Object {
              "backgroundColor": "rgb(238, 48, 66)",
              "borderRadius": 2,
              "marginBottom": 6,
              "marginLeft": 8,
              "padding": 3,
              "paddingBottom": 0,
            }
          }
        >
          <Text
            style={
              Object {
                "color": "rgb(255, 255, 255)",
                "fontFamily": "GothamBold",
                "fontSize": 8,
              }
            }
          >
            SAVE 40%
          </Text>
        </View>
      </View>
      <Text>
        <Text
          style={
            Object {
              "color": "rgb(255, 255, 255)",
              "fontFamily": "GothamBold",
              "fontSize": 12,
            }
          }
        >
          $0.08
           / month 
        </Text>
        <Text
          style={
            Object {
              "color": "rgb(255, 255, 255)",
              "fontFamily": "GothamBook",
              "fontSize": 12,
            }
          }
        >
          billed annually
        </Text>
      </Text>
    </View>
    <View
      style={
        Object {
          "alignItems": "center",
          "justifyContent": "center",
        }
      }
    >
      <Text />
    </View>
  </View>
</View>
`;
