// Jest Snapshot v1, https://goo.gl/fbAQLP

exports[`Profile Button renders correctly 1`] = `
<View>
  <Text />
</View>
`;
