// Jest Snapshot v1, https://goo.gl/fbAQLP

exports[`NewsFeedTile renders correctly 1`] = `
<View
  style={
    Object {
      "flex": 1,
      "flexDirection": "row",
      "height": 360,
    }
  }
>
  <View
    accessible={true}
    focusable={true}
    isTVSelectable={true}
    onClick={[Function]}
    onResponderGrant={[Function]}
    onResponderMove={[Function]}
    onResponderRelease={[Function]}
    onResponderTerminate={[Function]}
    onResponderTerminationRequest={[Function]}
    onStartShouldSetResponder={[Function]}
    style={
      Object {
        "flex": 1,
        "margin": 5,
        "opacity": 1,
        "shadowColor": "rgb(38, 38, 40)",
        "shadowOffset": Object {
          "height": 2,
          "width": 0,
        },
        "shadowOpacity": 0.5,
        "shadowRadius": 4,
      }
    }
  >
    <View
      style={
        Object {
          "flex": 1,
          "transform": Array [
            Object {
              "scale": 1,
            },
          ],
        }
      }
    >
      <View
        accessibilityIgnoresInvertColors={true}
        style={
          Object {
            "alignItems": "center",
            "borderRadius": 1,
            "flex": 1,
            "justifyContent": "center",
            "overflow": "hidden",
          }
        }
      >
        <Image
          resizeMode="cover"
          source={1}
          style={
            Array [
              Object {
                "bottom": 0,
                "left": 0,
                "position": "absolute",
                "right": 0,
                "top": 0,
              },
              Object {
                "height": undefined,
                "width": undefined,
              },
              undefined,
            ]
          }
        />
        <View
          style={
            Object {
              "alignItems": "center",
              "backgroundColor": "rgba(0, 0, 0, 0.5 )",
              "flex": 1,
              "justifyContent": "center",
              "width": "100%",
            }
          }
        >
          <View
            style={
              Object {
                "maxWidth": 312.5,
              }
            }
          >
            <Text
              style={
                Object {
                  "color": "rgb(255, 255, 255)",
                  "fontFamily": "GothamBold",
                  "fontSize": 16,
                  "shadowColor": "rgb(0, 0, 0)",
                  "shadowOffset": Object {
                    "height": 0,
                    "width": 0,
                  },
                  "shadowOpacity": 1,
                  "shadowRadius": 5,
                  "textAlign": "center",
                }
              }
            >
              Test Title Left
            </Text>
          </View>
        </View>
      </View>
    </View>
  </View>
  <View
    accessible={true}
    focusable={true}
    isTVSelectable={true}
    onClick={[Function]}
    onResponderGrant={[Function]}
    onResponderMove={[Function]}
    onResponderRelease={[Function]}
    onResponderTerminate={[Function]}
    onResponderTerminationRequest={[Function]}
    onStartShouldSetResponder={[Function]}
    style={
      Object {
        "flex": 1,
        "margin": 5,
        "opacity": 1,
        "shadowColor": "rgb(38, 38, 40)",
        "shadowOffset": Object {
          "height": 2,
          "width": 0,
        },
        "shadowOpacity": 0.5,
        "shadowRadius": 4,
      }
    }
  >
    <View
      style={
        Object {
          "flex": 1,
          "transform": Array [
            Object {
              "scale": 1,
            },
          ],
        }
      }
    >
      <View
        accessibilityIgnoresInvertColors={true}
        style={
          Object {
            "alignItems": "center",
            "borderRadius": 1,
            "flex": 1,
            "justifyContent": "center",
            "overflow": "hidden",
          }
        }
      >
        <Image
          resizeMode="cover"
          source={1}
          style={
            Array [
              Object {
                "bottom": 0,
                "left": 0,
                "position": "absolute",
                "right": 0,
                "top": 0,
              },
              Object {
                "height": undefined,
                "width": undefined,
              },
              undefined,
            ]
          }
        />
        <View
          style={
            Object {
              "alignItems": "center",
              "backgroundColor": "rgba(0, 0, 0, 0.5 )",
              "flex": 1,
              "justifyContent": "center",
              "width": "100%",
            }
          }
        >
          <View
            style={
              Object {
                "maxWidth": 312.5,
              }
            }
          >
            <Text
              style={
                Object {
                  "color": "rgb(255, 255, 255)",
                  "fontFamily": "GothamBold",
                  "fontSize": 16,
                  "shadowColor": "rgb(0, 0, 0)",
                  "shadowOffset": Object {
                    "height": 0,
                    "width": 0,
                  },
                  "shadowOpacity": 1,
                  "shadowRadius": 5,
                  "textAlign": "center",
                }
              }
            >
              Test Title Right
            </Text>
          </View>
        </View>
      </View>
    </View>
  </View>
</View>
`;
