// Jest Snapshot v1, https://goo.gl/fbAQLP

exports[`Recipe Tile renders correctly 1`] = `
<View
  accessible={true}
  isTVSelectable={true}
  onResponderGrant={[Function]}
  onResponderMove={[Function]}
  onResponderRelease={[Function]}
  onResponderTerminate={[Function]}
  onResponderTerminationRequest={[Function]}
  onStartShouldSetResponder={[Function]}
  style={
    Object {
      "alignItems": "center",
      "justifyContent": "center",
      "margin": 0,
      "opacity": 1,
      "shadowColor": "rgb(38, 38, 40)",
      "shadowOffset": Object {
        "height": 2,
        "width": 0,
      },
      "shadowOpacity": 0.5,
      "shadowRadius": 4,
      "width": 750,
    }
  }
>
  <View
    style={
      Object {
        "flex": 1,
        "transform": Array [
          Object {
            "scale": 1,
          },
        ],
      }
    }
  >
    <View
      style={
        Object {
          "backgroundColor": "white",
          "borderColor": "#e1e8ee",
          "borderRadius": 3,
          "borderWidth": 0,
          "margin": 15,
          "marginBottom": 0,
          "overflow": "hidden",
          "padding": 0,
          "shadowColor": "rgba(0,0,0, .2)",
          "shadowOffset": Object {
            "height": 0,
            "width": 0,
          },
          "shadowOpacity": 1,
          "shadowRadius": 1,
          "width": 730,
        }
      }
    >
      <View
        style={
          Object {
            "backgroundColor": "transparent",
          }
        }
      >
        <View>
          <View
            accessibilityIgnoresInvertColors={true}
            style={
              Object {
                "backgroundColor": "transparent",
                "position": "relative",
              }
            }
          >
            <Image
              onLoad={[Function]}
              source={
                Object {
                  "uri": "Test",
                }
              }
              style={
                Array [
                  Object {
                    "bottom": 0,
                    "left": 0,
                    "position": "absolute",
                    "right": 0,
                    "top": 0,
                  },
                  Object {
                    "height": undefined,
                    "width": undefined,
                  },
                ]
              }
              testID="RNE__Image"
              theme={
                Object {
                  "colors": Object {
                    "disabled": "hsl(208, 8%, 90%)",
                    "divider": "#bcbbc1",
                    "error": "#ff190c",
                    "grey0": "#393e42",
                    "grey1": "#43484d",
                    "grey2": "#5e6977",
                    "grey3": "#86939e",
                    "grey4": "#bdc6cf",
                    "grey5": "#e1e8ee",
                    "greyOutline": "#bbb",
                    "platform": Object {
                      "android": Object {
                        "error": "#f44336",
                        "primary": "#2196f3",
                        "secondary": "#9C27B0",
                        "success": "#4caf50",
                        "warning": "#ffeb3b",
                      },
                      "ios": Object {
                        "error": "#ff3b30",
                        "primary": "#007aff",
                        "secondary": "#5856d6",
                        "success": "#4cd964",
                        "warning": "#ffcc00",
                      },
                    },
                    "primary": "#2089dc",
                    "searchBg": "#303337",
                    "secondary": "#8F0CE8",
                    "success": "#52c41a",
                    "warning": "#faad14",
                  },
                }
              }
            />
            <View
              accessibilityElementsHidden={true}
              importantForAccessibility="no-hide-descendants"
              pointerEvents="none"
              style={
                Object {
                  "bottom": 0,
                  "left": 0,
                  "opacity": 1,
                  "position": "absolute",
                  "right": 0,
                  "top": 0,
                }
              }
            >
              <View
                style={
                  Object {
                    "alignItems": "center",
                    "backgroundColor": "#bdbdbd",
                    "height": 150,
                    "justifyContent": "center",
                    "width": null,
                  }
                }
                testID="RNE__Image__placeholder"
              />
            </View>
            <View
              style={
                Array [
                  Object {
                    "height": 150,
                    "width": null,
                  },
                  undefined,
                ]
              }
            />
          </View>
          <View
            style={
              Object {
                "padding": 10,
              }
            }
          >
            <View
              style={
                Object {
                  "alignItems": "center",
                  "flexDirection": "row",
                }
              }
            >
              <Text
                style={
                  Object {
                    "fontFamily": "GothamBold",
                    "fontSize": 16,
                  }
                }
              >
                Test
              </Text>
            </View>
            <Text
              style={
                Object {
                  "fontFamily": "GothamBookItalic",
                  "fontSize": 12,
                }
              }
            >
              Test
            </Text>
            <View
              style={
                Object {
                  "flexDirection": "row",
                  "justifyContent": "space-between",
                  "marginTop": 3,
                }
              }
            >
              <View
                style={
                  Object {
                    "alignItems": "center",
                    "flexDirection": "row",
                  }
                }
              />
              <View
                style={
                  Object {
                    "alignItems": "center",
                    "flexDirection": "row",
                  }
                }
              >
                <View
                  style={
                    Object {
                      "alignItems": "center",
                      "flexDirection": "row",
                    }
                  }
                >
                  <Text />
                  <Text
                    style={
                      Object {
                        "color": "rgb(179, 95, 165)",
                        "fontFamily": "GothamBook",
                        "fontSize": 12,
                        "marginLeft": 4,
                        "marginTop": 6,
                      }
                    }
                  >
                    Test
                  </Text>
                </View>
              </View>
            </View>
          </View>
        </View>
      </View>
    </View>
  </View>
</View>
`;
