// Jest Snapshot v1, https://goo.gl/fbAQLP

exports[`Subscription Screen renders correctly 1`] = `
<View
  style={
    Object {
      "alignItems": "center",
      "backgroundColor": "rgb(0, 0, 0)",
      "flex": 1,
    }
  }
>
  <RCTScrollView
    bounces={false}
    showsVerticalScrollIndicator={false}
  >
    <View>
      <View
        accessibilityIgnoresInvertColors={true}
        style={
          Object {
            "alignItems": "center",
            "height": 1280.6399999999999,
            "justifyContent": "space-between",
          }
        }
      >
        <Image
          source={1}
          style={
            Array [
              Object {
                "bottom": 0,
                "left": 0,
                "position": "absolute",
                "right": 0,
                "top": 0,
              },
              Object {
                "height": 1280.6399999999999,
                "width": undefined,
              },
              undefined,
            ]
          }
        />
        <View
          style={
            Object {
              "padding": 20,
            }
          }
        >
          <Text
            style={
              Object {
                "color": "rgb(0, 0, 0)",
                "fontFamily": "GothamBold",
                "fontSize": 8,
                "textAlign": "center",
              }
            }
          >
            YOU'RE ON YOUR WAY TO
          </Text>
          <Text
            style={
              Object {
                "color": "rgb(0, 0, 0)",
                "fontFamily": "GothamBold",
                "fontSize": 8,
                "textAlign": "center",
              }
            }
          >
            GETTING SHREDDED!
          </Text>
          <Text
            style={
              Object {
                "color": "rgb(238, 48, 66)",
                "fontFamily": "GothamUltraItalic",
                "fontSize": 22,
                "textAlign": "center",
              }
            }
          >
            <Text
              style={
                Object {
                  "color": "rgb(0, 0, 0)",
                  "fontFamily": "TuesdayNight",
                  "fontSize": 30,
                  "textAlign": "center",
                }
              }
            >
              start  
            </Text>
            YOUR 7-DAY
          </Text>
          <Text
            style={
              Object {
                "color": "rgb(238, 48, 66)",
                "fontFamily": "GothamUltraItalic",
                "fontSize": 22,
                "marginTop": -20,
                "textAlign": "center",
              }
            }
          >
            FREE TRIAL TODAY!
          </Text>
        </View>
        <View
          style={
            Object {
              "flex": 1,
              "justifyContent": "flex-end",
              "width": 750,
            }
          }
        >
          <View
            style={
              Object {
                "paddingLeft": 10,
                "paddingRight": 10,
              }
            }
          />
        </View>
        <Text />
        <View
          style={
            Object {
              "padding": 20,
              "paddingTop": 10,
              "width": 750,
            }
          }
        >
          <Text
            style={
              Object {
                "color": "rgb(255, 255, 255)",
                "fontFamily": "GothamBook",
                "fontSize": 8,
              }
            }
          >
            <Text
              style={
                Object {
                  "color": "rgb(255, 255, 255)",
                  "fontFamily": "GothamBold",
                  "fontSize": 8,
                }
              }
            >
              Subscription Terms: 
            </Text>
            By continuing, you accept our 
            <Text
              onPress={[Function]}
              style={
                Object {
                  "color": "rgb(122, 155, 224)",
                  "textDecorationLine": "underline",
                  "textDecorationStyle": "solid",
                }
              }
            >
              Privacy Policy
            </Text>
             and 
            <Text
              onPress={[Function]}
              style={
                Object {
                  "color": "rgb(122, 155, 224)",
                  "textDecorationLine": "underline",
                  "textDecorationStyle": "solid",
                }
              }
            >
              Terms and Conditions
            </Text>
            . You also agree that an ongoing subscription to the FitazFK App (FitazFK Fitness & Nutrition) will be applied to your iTunes account at the end of your 7-day free trial. Subscriptions will automatically renew and your account charged unless auto-renew is turned off at least 24-hours before the end of the current period. Subscriptions may be managed by the user and auto-renewal may be turned off by going to the users Account Settings after purchase. Any unused portion of a free trial period, if offered, will be forfeited when the user purchases a subscription to that publication, where applicable.
          </Text>
        </View>
      </View>
    </View>
  </RCTScrollView>
</View>
`;
