// Jest Snapshot v1, https://goo.gl/fbAQLP

exports[`Exercise Info Button renders correctly 1`] = `
<View
  style={
    Object {
      "alignItems": "flex-end",
      "height": 0,
      "width": 750,
    }
  }
>
  <View
    accessible={true}
    isTVSelectable={true}
    onResponderGrant={[Function]}
    onResponderMove={[Function]}
    onResponderRelease={[Function]}
    onResponderTerminate={[Function]}
    onResponderTerminationRequest={[Function]}
    onStartShouldSetResponder={[Function]}
    style={
      Object {
        "alignItems": "center",
        "backgroundColor": "rgba(0, 0, 0, 0.5 )",
        "borderTopLeftRadius": 4,
        "height": 52,
        "justifyContent": "center",
        "marginTop": -50,
        "opacity": 1,
        "position": "absolute",
        "width": 52,
      }
    }
  >
    <Text />
  </View>
</View>
`;
