// Jest Snapshot v1, https://goo.gl/fbAQLP

exports[`Workout Pause Modal renders correctly 1`] = `
<Modal
  animationType="none"
  hardwareAccelerated={false}
  hideModalContentWhileAnimating={false}
  onModalHide={[Function]}
  onModalWillHide={[Function]}
  onModalWillShow={[Function]}
  onRequestClose={[Function]}
  scrollHorizontal={false}
  scrollOffset={0}
  scrollOffsetMax={0}
  scrollTo={null}
  supportedOrientations={
    Array [
      "portrait",
      "landscape",
    ]
  }
  swipeThreshold={100}
  transparent={true}
  visible={true}
>
  <View
    accessible={true}
    onResponderGrant={[Function]}
    onResponderMove={[Function]}
    onResponderRelease={[Function]}
    onResponderTerminate={[Function]}
    onResponderTerminationRequest={[Function]}
    onStartShouldSetResponder={[Function]}
    style={
      Object {
        "backgroundColor": "black",
        "bottom": 0,
        "height": 1334,
        "left": 0,
        "opacity": 0,
        "position": "absolute",
        "right": 0,
        "top": 0,
        "width": 750,
      }
    }
  />
  <View
    hideModalContentWhileAnimating={false}
    onModalHide={[Function]}
    onModalWillHide={[Function]}
    onModalWillShow={[Function]}
    pointerEvents="box-none"
    scrollHorizontal={false}
    scrollOffset={0}
    scrollOffsetMax={0}
    scrollTo={null}
    style={
      Object {
        "flex": 1,
        "justifyContent": "center",
        "margin": 37.5,
        "opacity": 0,
        "transform": Array [
          Object {
            "translateY": 0,
          },
        ],
      }
    }
    supportedOrientations={
      Array [
        "portrait",
        "landscape",
      ]
    }
    swipeThreshold={100}
  >
    <View>
      <View
        style={
          Object {
            "alignItems": "center",
            "justifyContent": "center",
            "paddingBottom": 30,
          }
        }
      >
        <Text />
      </View>
      <View
        style={
          Object {
            "backgroundColor": "rgb(255, 255, 255)",
            "borderRadius": 4,
            "overflow": "hidden",
          }
        }
      >
        <View
          accessible={true}
          isTVSelectable={true}
          onResponderGrant={[Function]}
          onResponderMove={[Function]}
          onResponderRelease={[Function]}
          onResponderTerminate={[Function]}
          onResponderTerminationRequest={[Function]}
          onStartShouldSetResponder={[Function]}
          style={
            Object {
              "alignItems": "center",
              "backgroundColor": "rgb(188, 188, 189)",
              "height": 50,
              "justifyContent": "center",
              "marginBottom": 0,
              "opacity": 1,
              "width": "100%",
            }
          }
        >
          <Text
            style={
              Object {
                "color": "rgb(0, 0, 0)",
                "fontFamily": "GothamBold",
                "fontSize": 14,
                "marginTop": 4,
              }
            }
          >
            QUIT WORKOUT
          </Text>
        </View>
        <View
          accessible={true}
          isTVSelectable={true}
          onResponderGrant={[Function]}
          onResponderMove={[Function]}
          onResponderRelease={[Function]}
          onResponderTerminate={[Function]}
          onResponderTerminationRequest={[Function]}
          onStartShouldSetResponder={[Function]}
          style={
            Object {
              "alignItems": "center",
              "backgroundColor": "rgb(38, 38, 40)",
              "height": 50,
              "justifyContent": "center",
              "marginBottom": 0,
              "opacity": 1,
              "width": "100%",
            }
          }
        >
          <Text
            style={
              Object {
                "color": "rgb(255, 255, 255)",
                "fontFamily": "GothamBold",
                "fontSize": 14,
                "marginTop": 4,
              }
            }
          >
            RESTART THIS SET
          </Text>
        </View>
        <View
          accessible={true}
          isTVSelectable={true}
          onResponderGrant={[Function]}
          onResponderMove={[Function]}
          onResponderRelease={[Function]}
          onResponderTerminate={[Function]}
          onResponderTerminationRequest={[Function]}
          onStartShouldSetResponder={[Function]}
          style={
            Object {
              "alignItems": "center",
              "backgroundColor": "rgb(238, 48, 66)",
              "height": 50,
              "justifyContent": "center",
              "marginBottom": 0,
              "opacity": 1,
              "width": "100%",
            }
          }
        >
          <Text
            style={
              Object {
                "color": "rgb(255, 255, 255)",
                "fontFamily": "GothamBold",
                "fontSize": 14,
                "marginTop": 4,
              }
            }
          >
            CONTINUE
          </Text>
        </View>
      </View>
    </View>
  </View>
</Modal>
`;
