// Jest Snapshot v1, https://goo.gl/fbAQLP

exports[`Native Loader renders correctly 1`] = `
<View
  style={
    Object {
      "backgroundColor": "rgb(0, 0, 0)",
      "bottom": 0,
      "flex": 1,
      "left": 0,
      "opacity": 0.5,
      "position": "absolute",
      "right": 0,
      "top": 0,
      "width": 750,
    }
  }
>
  <View
    style={
      Object {
        "alignItems": "center",
        "backgroundColor": undefined,
        "flex": 1,
        "justifyContent": "center",
      }
    }
  >
    <ActivityIndicator
      animating={true}
      color="#999999"
      hidesWhenStopped={true}
      size="small"
    />
  </View>
</View>
`;
