// Jest Snapshot v1, https://goo.gl/fbAQLP

exports[`PrivacyPolicyScreen renders correctly 1`] = `
<RCTSafeAreaView
  emulateUnlessSupported={true}
  style={
    Object {
      "backgroundColor": "rgb(0, 0, 0)",
      "flex": 1,
    }
  }
>
  <View
    style={
      Object {
        "alignItems": "center",
        "backgroundColor": "rgb(255, 255, 255)",
        "flex": 1,
      }
    }
  >
    <RCTScrollView
      contentContainerStyle={
        Object {
          "padding": 15,
          "width": 750,
        }
      }
    >
      <View>
        <Text
          style={
            Object {
              "color": "rgb(38, 38, 40)",
              "fontFamily": "GothamBold",
              "fontSize": 24,
              "marginBottom": 10,
            }
          }
        >
          Privacy Policy
        </Text>
      </View>
    </RCTScrollView>
    <View
      style={
        Object {
          "backgroundColor": "rgb(255, 255, 255)",
          "flex": 1,
          "position": "absolute",
        }
      }
    >
      <Modal
        animationType="fade"
        hardwareAccelerated={false}
        onRequestClose={[Function]}
        supportedOrientations={
          Array [
            "landscape",
            "portrait",
          ]
        }
        transparent={true}
        visible={true}
      >
        <View
          style={
            Array [
              Object {
                "backgroundColor": "transparent",
                "bottom": 0,
                "flex": 1,
                "left": 0,
                "position": "absolute",
                "right": 0,
                "top": 0,
              },
              Object {
                "backgroundColor": "rgba(0, 0, 0, 0.6)",
              },
            ]
          }
        >
          <View
            style={
              Object {
                "alignItems": "center",
                "flex": 1,
                "justifyContent": "center",
              }
            }
          >
            <View
              style={
                Object {
                  "height": 50,
                }
              }
            >
              <View
                animating={true}
                animationDuration={1200}
                animationEasing={[Function]}
                color="rgb(38, 38, 40)"
                hideAnimationDuration={200}
                interaction={true}
                renderComponent={[Function]}
                size={10}
                style={
                  Object {
                    "alignItems": "center",
                    "flex": 1,
                    "flexDirection": "row",
                    "justifyContent": "center",
                    "opacity": 1,
                  }
                }
              >
                <View
                  style={
                    Object {
                      "backgroundColor": "rgb(38, 38, 40)",
                      "borderRadius": 5,
                      "height": 10,
                      "margin": 5,
                      "transform": Array [
                        Object {
                          "scale": 1,
                        },
                      ],
                      "width": 10,
                    }
                  }
                />
                <View
                  style={
                    Object {
                      "backgroundColor": "rgb(38, 38, 40)",
                      "borderRadius": 5,
                      "height": 10,
                      "margin": 5,
                      "transform": Array [
                        Object {
                          "scale": 1,
                        },
                      ],
                      "width": 10,
                    }
                  }
                />
                <View
                  style={
                    Object {
                      "backgroundColor": "rgb(38, 38, 40)",
                      "borderRadius": 5,
                      "height": 10,
                      "margin": 5,
                      "transform": Array [
                        Object {
                          "scale": 1,
                        },
                      ],
                      "width": 10,
                    }
                  }
                />
              </View>
            </View>
          </View>
        </View>
      </Modal>
    </View>
  </View>
</RCTSafeAreaView>
`;
